========================================================================= 
Log Path: ./Physics_Labs/1_sem/Lab116/rmarkdown/log/preparation.log 
Program Path: /Users/alex/git/Labs/Physics_Labs/1_sem/Lab116/rmarkdown/prepare_data.r 
Working Directory: /Users/alex/git/Labs 
User Name: alex 
R Version: 4.4.1 (2024-06-14) 
Machine: Alexanders-Laptop.local arm64 
Operating System: Darwin 23.5.0 Darwin Kernel Version 23.5.0: Wed May 1 20:12:58 PDT 2024; root:xnu-10063.121.3~5/RELEASE_ARM64_T6000 
Base Packages: stats graphics grDevices utils datasets methods base 
Other Packages: tidylog_1.1.0 readxl_1.4.3 procs_1.0.6 reporter_1.4.4 libr_1.3.3 logr_1.3.8 fmtr_1.6.5 common_1.1.3 sassy_1.2.5 lubridate_1.9.3 forcats_1.0.0 stringr_1.5.1 dplyr_1.1.4 purrr_1.0.2 readr_2.1.5 tidyr_1.3.1 tibble_3.2.1 ggplot2_3.5.1 tidyverse_2.0.0 
Log Start Time: 2024-07-05 12:58:19.245592 
========================================================================= 

========================================================================= 
Setting up library 
========================================================================= 

# library 'experimental': 2 items
- attributes: rds not loaded
- path: ./Physics_Labs/1_sem/Lab116/rmarkdown/data/experimental
- items:
       Name Extension Rows Cols   Size        LastModified
1       afc       rds    7    3 5.8 Kb 2024-07-05 12:52:30
2 generator       rds    5    3 5.9 Kb 2024-07-05 12:52:30

NOTE: Log Print Time:  2024-07-05 12:58:19.249244 
NOTE: Elapsed Time: 0.00336003303527832 secs 

========================================================================= 
Writing datasets 
========================================================================= 

lib_write: write data in library 'experimental' 

NOTE: Log Print Time:  2024-07-05 12:58:19.300362 
NOTE: Elapsed Time: 0.0511181354522705 secs 

# library 'experimental': 3 items
- attributes: rds not loaded
- path: ./Physics_Labs/1_sem/Lab116/rmarkdown/data/experimental
- items:
       Name Extension Rows Cols   Size        LastModified
1       afc       rds    7    3 5.3 Kb 2024-07-05 12:58:19
2 generator       rds    5    3 5.3 Kb 2024-07-05 12:58:19
3       pfc       rds    6    3 5.3 Kb 2024-07-05 12:58:19

NOTE: Log Print Time:  2024-07-05 12:58:19.302566 
NOTE: Elapsed Time: 0.00220394134521484 secs 

========================================================================= 
Log End Time: 2024-07-05 12:58:19.302712 
Log Elapsed Time: 0 00:00:00 
========================================================================= 
